# serializer version: 1
# name: TestFeatureFlagAnalytics.test_efficient_querying_of_team_decide_usage_data
  '''
  SELECT "markettor_team"."id",
         "markettor_team"."uuid"
  FROM "markettor_team"
  INNER JOIN "markettor_organization" ON ("markettor_team"."organization_id" = "markettor_organization"."id")
  WHERE NOT (("markettor_organization"."for_internal_metrics"
              OR "markettor_team"."is_demo"))
  '''
# ---
